// Jest Snapshot v1, https://goo.gl/fbAQLP

exports[`PrismaParser Identifies multiple columns 1`] = `"{\\"type\\":\\"PrismaQL\\",\\"datasources\\":[],\\"generators\\":[],\\"models\\":[{\\"type\\":\\"model\\",\\"name\\":\\"User\\",\\"columns\\":[{\\"type\\":\\"Column\\",\\"name\\":\\"id\\",\\"data_type\\":{\\"name\\":\\"Int\\",\\"type\\":\\"PrimitiveType\\"},\\"optional\\":false,\\"multiple\\":false,\\"primaryKey\\":true},{\\"type\\":\\"Column\\",\\"name\\":\\"name\\",\\"data_type\\":{\\"name\\":\\"String\\",\\"type\\":\\"PrimitiveType\\"},\\"optional\\":false,\\"multiple\\":true}]}]}"`;

exports[`PrismaParser Identifies optional columns 1`] = `"{\\"type\\":\\"PrismaQL\\",\\"datasources\\":[],\\"generators\\":[],\\"models\\":[{\\"type\\":\\"model\\",\\"name\\":\\"User\\",\\"columns\\":[{\\"type\\":\\"Column\\",\\"name\\":\\"id\\",\\"data_type\\":{\\"name\\":\\"Int\\",\\"type\\":\\"PrimitiveType\\"},\\"optional\\":false,\\"multiple\\":false,\\"primaryKey\\":true},{\\"type\\":\\"Column\\",\\"name\\":\\"name\\",\\"data_type\\":{\\"name\\":\\"String\\",\\"type\\":\\"PrimitiveType\\"},\\"optional\\":true,\\"multiple\\":false}]}]}"`;

exports[`PrismaParser Identifies reference type column correctly 1`] = `"{\\"type\\":\\"PrismaQL\\",\\"datasources\\":[],\\"generators\\":[],\\"models\\":[{\\"type\\":\\"model\\",\\"name\\":\\"User\\",\\"columns\\":[{\\"type\\":\\"Column\\",\\"name\\":\\"id\\",\\"data_type\\":{\\"name\\":\\"Int\\",\\"type\\":\\"PrimitiveType\\"},\\"optional\\":false,\\"multiple\\":false,\\"primaryKey\\":true},{\\"type\\":\\"Column\\",\\"name\\":\\"posts\\",\\"data_type\\":{\\"name\\":\\"Post\\",\\"type\\":\\"ReferenceType\\"},\\"optional\\":false,\\"multiple\\":false}]},{\\"type\\":\\"model\\",\\"name\\":\\"Post\\",\\"columns\\":[{\\"type\\":\\"Column\\",\\"name\\":\\"id\\",\\"data_type\\":{\\"name\\":\\"Int\\",\\"type\\":\\"PrimitiveType\\"},\\"optional\\":false,\\"multiple\\":false,\\"primaryKey\\":true},{\\"type\\":\\"Column\\",\\"name\\":\\"author\\",\\"data_type\\":{\\"name\\":\\"User\\",\\"type\\":\\"ReferenceType\\"},\\"optional\\":false,\\"multiple\\":false}]}]}"`;

exports[`PrismaParser Parses datasource correctly 1`] = `"{\\"type\\":\\"PrismaQL\\",\\"datasources\\":[{\\"name\\":\\"db3\\",\\"type\\":\\"datasource\\",\\"declarations\\":[{\\"name\\":\\"provider\\",\\"init\\":{\\"type\\":\\"Literal\\",\\"value\\":\\"sqlite\\",\\"raw\\":\\"\\\\\\"sqlite\\\\\\"\\"}},{\\"name\\":\\"url\\",\\"init\\":{\\"type\\":\\"Literal\\",\\"value\\":\\"file:dev.db\\",\\"raw\\":\\"\\\\\\"file:dev.db\\\\\\"\\"}},{\\"name\\":\\"enabled\\",\\"init\\":{\\"type\\":\\"Literal\\",\\"value\\":true,\\"raw\\":\\"true\\"}}]}],\\"generators\\":[],\\"models\\":[]}"`;

exports[`PrismaParser Parses generator correctly 1`] = `"{\\"type\\":\\"PrismaQL\\",\\"datasources\\":[],\\"generators\\":[{\\"name\\":\\"photon\\",\\"type\\":\\"generator\\",\\"declarations\\":[{\\"name\\":\\"provider\\",\\"init\\":{\\"type\\":\\"Literal\\",\\"value\\":\\"photonjs\\",\\"raw\\":\\"\\\\\\"photonjs\\\\\\"\\"}}]}],\\"models\\":[]}"`;

exports[`PrismaParser Parses model and primitive type columns correctly 1`] = `"{\\"type\\":\\"PrismaQL\\",\\"datasources\\":[],\\"generators\\":[],\\"models\\":[{\\"type\\":\\"model\\",\\"name\\":\\"User\\",\\"columns\\":[{\\"type\\":\\"Column\\",\\"name\\":\\"id\\",\\"data_type\\":{\\"name\\":\\"Int\\",\\"type\\":\\"PrimitiveType\\"},\\"optional\\":false,\\"multiple\\":false,\\"primaryKey\\":true},{\\"type\\":\\"Column\\",\\"name\\":\\"name\\",\\"data_type\\":{\\"name\\":\\"String\\",\\"type\\":\\"PrimitiveType\\"},\\"optional\\":false,\\"multiple\\":false}]}]}"`;
